in_source: |-
  .code:
      MOV r1 1
      MOV r2 2
      MOV r3 3

      LINEAR r4 100 r1 200 r2 300 r3

      OUTPUT r4

      HLT

in_stdin: |
  LOL
out_stdout: |
  LoC: 10 Instr: 11
  ============================================================
  1400
  Instructions: 8 Ticks: 13
out_code: |-
  [2,
   {"index": 0, "opcode": "number", "args": [1234]},
   {"index": 1, "opcode": "number", "args": [1234]},
   {"index": 0, "opcode": "mov", "args": [0, 1]},
   {"index": 1, "opcode": "mov", "args": [1, 2]},
   {"index": 2, "opcode": "mov", "args": [2, 3]},
   {"index": 3, "opcode": "linear", "args": [3, 100, 0]},
   {"index": 4, "opcode": "linear_cont", "args": [3, 200, 1]},
   {"index": 5, "opcode": "linear_cont", "args": [3, 300, 2]},
   {"index": 6, "opcode": "store_v", "args": [1, 3]},
   {"index": 7, "opcode": "hlt", "args": []}]
out_log: |
  INFO     root:simulation.py:60 Start simulation
  DEBUG    root:simulation.py:26 TICK:    1 [ 1: MOV    ] PC:  1 DR:  0 SB:  0 RG: [1, 0, 0, 0] 
  DEBUG    root:simulation.py:26 TICK:    2 [ 2: MOV    ] PC:  2 DR:  0 SB:  0 RG: [1, 2, 0, 0] 
  DEBUG    root:simulation.py:26 TICK:    3 [ 3: LINEAR ] PC:  3 DR:  0 SB:  0 RG: [1, 2, 3, 0] 
  DEBUG    root:simulation.py:26 TICK:    5 [ 4: LINEAR_CONT] PC:  4 DR:  0 SB: 100 RG: [1, 2, 3, 100] 
  DEBUG    root:simulation.py:26 TICK:    8 [ 5: LINEAR_CONT] PC:  5 DR:  0 SB: 400 RG: [1, 2, 3, 500] 
  DEBUG    root:simulation.py:26 TICK:   11 [ 6: STORE_V] PC:  6 DR:  0 SB: 900 RG: [1, 2, 3, 1400] 
  DEBUG    root:data_path.py:153 output: 1400 << 1400
  DEBUG    root:simulation.py:26 TICK:   13 [ 7: HLT    ] PC:  7 DR:  1 SB: 900 RG: [1, 2, 3, 1400] 
  INFO     root:simulation.py:42 output_buffer: 1400
  INFO     root:simulation.py:68 End simulation
